<html>
<body>
<pre>
<h1>µVision Build Log</h1>
<h2>Tool Versions:</h2>
IDE-Version: ¦ÌVision V5.40.0.0
Copyright (C) 2024 ARM Ltd and ARM Germany GmbH. All rights reserved.
License Information: yoo lee, university, LIC=UB4EI-TKUXJ-8YSVV-PX80T-TD5AW-WSK2V
 
Tool Versions:
Toolchain:       MDK-ARM Professional  Version: 5.40.0.3
Toolchain Path:  E:\MDK-ARM\Core\ARM\ARMCLANG\Bin
C Compiler:      ArmClang.exe V6.22
Assembler:       Armasm.exe V6.22
Linker/Locator:  ArmLink.exe V6.22
Library Manager: ArmAr.exe V6.22
Hex Converter:   FromElf.exe V6.22
CPU DLL:         SARMCM3.DLL V5.40.0.3
Dialog DLL:      DARMCM1.DLL V1.19.6.0
Target DLL:      CMSIS_AGDI.dll V1.33.18.0
Dialog DLL:      TARMCM1.DLL V1.14.6.0
 
<h2>Project:</h2>
E:\ti\m0_sdk\mspm0_sdk_2_01_00_03\examples\nortos\LP_MSPM0G3507\driverlib\AAA_Main_ver6\keil\empty_LP_MSPM0G3507_nortos_keil.uvprojx
Project File Date:  07/31/2024

<h2>Output:</h2>
*** Using Compiler 'V6.22', folder: 'E:\MDK-ARM\Core\ARM\ARMCLANG\Bin'
Rebuild target 'empty_LP_MSPM0G3507_nortos_keil'
Before Build - User command #1: cmd.exe /C "E:\ti\m0_sdk\mspm0_sdk_2_01_00_03\examples\nortos\LP_MSPM0G3507\driverlib\AAA_Main_ver6\keil\../../../../../../tools/keil/syscfg.bat 'E:\ti\m0_sdk\mspm0_sdk_2_01_00_03\examples\nortos\LP_MSPM0G3507\driverlib\AAA_Main_ver6\keil\' empty.syscfg"
Using Sysconfig Tool from "E:\ti\sysconfig_1.19.0\sysconfig_cli.bat"
"Update the file located at <sdk path>/tools/keil/syscfg.bat to use a different version"
Running script...
Validating...
info: /ti/project_config/ProjectConfig deviceSpin: Note: User must select a device after migration. 
info: QEI_0(/ti/driverlib/QEI): Peripheral does not retain register contents in STOP or STANDBY modes. User should take care to save and restore register configuration in application. See Retention Configuration section for more details.
info: TIMER_Sensor(/ti/driverlib/TIMER): Peripheral does not retain register contents in STOP or STANDBY modes. User should take care to save and restore register configuration in application. See Retention Configuration section for more details.
Generating Code (empty.syscfg)...
Unchanged E:\ti\m0_sdk\mspm0_sdk_2_01_00_03\examples\nortos\LP_MSPM0G3507\driverlib\AAA_Main_ver6\ti_msp_dl_config.c...
Unchanged E:\ti\m0_sdk\mspm0_sdk_2_01_00_03\examples\nortos\LP_MSPM0G3507\driverlib\AAA_Main_ver6\ti_msp_dl_config.h...
Unchanged E:\ti\m0_sdk\mspm0_sdk_2_01_00_03\examples\nortos\LP_MSPM0G3507\driverlib\AAA_Main_ver6\Event.dot...
assembling startup_mspm0g350x_uvision.s...
compiling motor.c...
compiling empty.c...
compiling delay.c...
compiling ti_msp_dl_config.c...
compiling board.c...
compiling key.c...
compiling pid.c...
compiling sensor.c...
compiling JY901S.c...
compiling OLED.c...
linking...
Program Size: Code=11748 RO-data=6924 RW-data=8 ZI-data=2016  
FromELF: creating hex file...
".\Objects\empty_LP_MSPM0G3507_nortos_keil.axf" - 0 Error(s), 0 Warning(s).

<h2>Software Packages used:</h2>

Package Vendor: TexasInstruments
                https://software-dl.ti.com/msp430/esd/MSPM0-CMSIS/MSPM0G1X0X_G3X0X/latest/exports/TexasInstruments.MSPM0G1X0X_G3X0X_DFP.1.3.1.pack
                TexasInstruments::MSPM0G1X0X_G3X0X_DFP@1.3.1
                Device Family Pack for Texas Instruments MSPM0G1X0X_G3X0X Series

<h2>Collection of Component include folders:</h2>

<h2>Collection of Component Files used:</h2>
Build Time Elapsed:  00:00:02
</pre>
</body>
</html>
